// Jest Snapshot v1, https://goo.gl/fbAQLP

exports[`Screen: Capital Weather renders correctly 1`] = `
<View
  accessible={true}
  collapsable={false}
  focusable={true}
  onClick={[Function]}
  onResponderGrant={[Function]}
  onResponderMove={[Function]}
  onResponderRelease={[Function]}
  onResponderTerminate={[Function]}
  onResponderTerminationRequest={[Function]}
  onStartShouldSetResponder={[Function]}
  style={
    Object {
      "backgroundColor": "#000",
      "marginVertical": 20,
      "opacity": 1,
      "paddingVertical": 10,
    }
  }
>
  <Text
    style={
      Array [
        Object {
          "color": "#FFF",
          "textAlign": "center",
        },
        Object {},
      ]
    }
  >
    submit
  </Text>
</View>
`;
